<?xml version="1.0" encoding="UTF-8"?>
<testsuites>
    <testsuite name=";" tests="4" failures="1" skipped="0">
        <properties>
            <property name="URI" value="F:/Benny/Skola/Projekt/features/krav1-7-8.feature">
            </property>
        </properties>
        <testcase name="Given that I visit the bank site" classname=";" time="3.8463032">
        </testcase>
        <testcase name="When I Press on login and enter my login information" classname=";" time="0.2835736">
        </testcase>
        <testcase name="And Go to my accounts" classname=";" time="0.107604199">
        </testcase>
        <testcase name="Then I Should be able to add a bank account, rename it and delete it again and logout." classname=";" time="12.591829099">
            <failure message="ReferenceError: t is not defined">ReferenceError: t is not defined
    at createWorld.&lt;anonymous&gt; (F:\Benny\Skola\Projekt\step-definitions\krav1-7-8.js:58:14)</failure>
        </testcase>
    </testsuite>
</testsuites>